
[1m[46m RUN [49m[22m [36mv4.0.18 [39m[90m/workspaces/Gurps-calculator[39m

 [31m❯[39m src/utils/__tests__/gathering.test.js [2m([22m[2m0 test[22m[2m)[22m
 [31m❯[39m src/utils/__tests__/helpers.test.js [2m([22m[2m0 test[22m[2m)[22m
 [31m❯[39m src/utils/__tests__/combatReducer.test.js [2m([22m[2m0 test[22m[2m)[22m
 [31m❯[39m src/utils/__tests__/alchemy.test.js [2m([22m[2m0 test[22m[2m)[22m

[31m⎯⎯⎯⎯⎯⎯[39m[1m[41m Failed Suites 4 [49m[22m[31m⎯⎯⎯⎯⎯⎯⎯[39m

[41m[1m FAIL [22m[49m src/utils/__tests__/alchemy.test.js[2m [ src/utils/__tests__/alchemy.test.js ][22m
[31m[1mError[22m: Failed to resolve import "../src/utils/alchemy" from "src/utils/__tests__/alchemy.test.js". Does the file exist?[39m
  Plugin: [35mvite:import-analysis[39m
  File: [36m/workspaces/Gurps-calculator/src/utils/__tests__/alchemy.test.js[39m:6:8
[33m  4  |    calculateConcentrationRefinement,
  5  |    applyWorkBlockResult
  6  |  } from '../src/utils/alchemy';
     |          ^
  7  |  
  8  |  describe('alchemy utilities', () => {[39m
[90m [2m❯[22m TransformPluginContext._formatLog node_modules/vite/dist/node/chunks/config.js:[2m28999:43[22m[39m
[90m [2m❯[22m TransformPluginContext.error node_modules/vite/dist/node/chunks/config.js:[2m28996:14[22m[39m
[90m [2m❯[22m normalizeUrl node_modules/vite/dist/node/chunks/config.js:[2m27119:18[22m[39m
[90m [2m❯[22m node_modules/vite/dist/node/chunks/config.js:[2m27177:32[22m[39m
[90m [2m❯[22m TransformPluginContext.transform node_modules/vite/dist/node/chunks/config.js:[2m27145:4[22m[39m
[90m [2m❯[22m EnvironmentPluginContainer.transform node_modules/vite/dist/node/chunks/config.js:[2m28797:14[22m[39m
[90m [2m❯[22m loadAndTransform node_modules/vite/dist/node/chunks/config.js:[2m22670:26[22m[39m

[31m[2m⎯⎯⎯⎯⎯⎯⎯⎯⎯⎯⎯⎯⎯⎯⎯⎯⎯⎯⎯⎯⎯⎯⎯⎯[1/4]⎯[22m[39m

[41m[1m FAIL [22m[49m src/utils/__tests__/combatReducer.test.js[2m [ src/utils/__tests__/combatReducer.test.js ][22m
[31m[1mError[22m: Failed to resolve import "../src/utils/combatReducer" from "src/utils/__tests__/combatReducer.test.js". Does the file exist?[39m
  Plugin: [35mvite:import-analysis[39m
  File: [36m/workspaces/Gurps-calculator/src/utils/__tests__/combatReducer.test.js[39m:2:43
[33m  1  |  import { describe, it, expect, beforeEach } from 'vitest';
  2  |  import { applyAction, applyInverse } from '../src/utils/combatReducer';
     |                                             ^
  3  |  import { ACTION_TYPES } from '../src/utils/combatActions';
  4  |  [39m
[90m [2m❯[22m TransformPluginContext._formatLog node_modules/vite/dist/node/chunks/config.js:[2m28999:43[22m[39m
[90m [2m❯[22m TransformPluginContext.error node_modules/vite/dist/node/chunks/config.js:[2m28996:14[22m[39m
[90m [2m❯[22m normalizeUrl node_modules/vite/dist/node/chunks/config.js:[2m27119:18[22m[39m
[90m [2m❯[22m node_modules/vite/dist/node/chunks/config.js:[2m27177:32[22m[39m
[90m [2m❯[22m TransformPluginContext.transform node_modules/vite/dist/node/chunks/config.js:[2m27145:4[22m[39m
[90m [2m❯[22m EnvironmentPluginContainer.transform node_modules/vite/dist/node/chunks/config.js:[2m28797:14[22m[39m
[90m [2m❯[22m loadAndTransform node_modules/vite/dist/node/chunks/config.js:[2m22670:26[22m[39m

[31m[2m⎯⎯⎯⎯⎯⎯⎯⎯⎯⎯⎯⎯⎯⎯⎯⎯⎯⎯⎯⎯⎯⎯⎯⎯[2/4]⎯[22m[39m

[41m[1m FAIL [22m[49m src/utils/__tests__/gathering.test.js[2m [ src/utils/__tests__/gathering.test.js ][22m
[31m[1mError[22m: Failed to resolve import "../src/utils/gathering" from "src/utils/__tests__/gathering.test.js". Does the file exist?[39m
  Plugin: [35mvite:import-analysis[39m
  File: [36m/workspaces/Gurps-calculator/src/utils/__tests__/gathering.test.js[39m:8:8
[33m  6  |    generateGroupKey,
  7  |    hasDailyEventBeenRolled
  8  |  } from '../src/utils/gathering';
     |          ^
  9  |  
  10 |  describe('gathering utilities', () => {[39m
[90m [2m❯[22m TransformPluginContext._formatLog node_modules/vite/dist/node/chunks/config.js:[2m28999:43[22m[39m
[90m [2m❯[22m TransformPluginContext.error node_modules/vite/dist/node/chunks/config.js:[2m28996:14[22m[39m
[90m [2m❯[22m normalizeUrl node_modules/vite/dist/node/chunks/config.js:[2m27119:18[22m[39m
[90m [2m❯[22m node_modules/vite/dist/node/chunks/config.js:[2m27177:32[22m[39m
[90m [2m❯[22m TransformPluginContext.transform node_modules/vite/dist/node/chunks/config.js:[2m27145:4[22m[39m
[90m [2m❯[22m EnvironmentPluginContainer.transform node_modules/vite/dist/node/chunks/config.js:[2m28797:14[22m[39m
[90m [2m❯[22m loadAndTransform node_modules/vite/dist/node/chunks/config.js:[2m22670:26[22m[39m

[31m[2m⎯⎯⎯⎯⎯⎯⎯⎯⎯⎯⎯⎯⎯⎯⎯⎯⎯⎯⎯⎯⎯⎯⎯⎯[3/4]⎯[22m[39m

[41m[1m FAIL [22m[49m src/utils/__tests__/helpers.test.js[2m [ src/utils/__tests__/helpers.test.js ][22m
[31m[1mError[22m: Failed to resolve import "../src/utils/helpers" from "src/utils/__tests__/helpers.test.js". Does the file exist?[39m
  Plugin: [35mvite:import-analysis[39m
  File: [36m/workspaces/Gurps-calculator/src/utils/__tests__/helpers.test.js[39m:7:8
[33m  5  |    determineQuality,
  6  |    refundMaterialsFromProject
  7  |  } from '../src/utils/helpers';
     |          ^
  8  |  
  9  |  describe('helper functions', () => {[39m
[90m [2m❯[22m TransformPluginContext._formatLog node_modules/vite/dist/node/chunks/config.js:[2m28999:43[22m[39m
[90m [2m❯[22m TransformPluginContext.error node_modules/vite/dist/node/chunks/config.js:[2m28996:14[22m[39m
[90m [2m❯[22m normalizeUrl node_modules/vite/dist/node/chunks/config.js:[2m27119:18[22m[39m
[90m [2m❯[22m node_modules/vite/dist/node/chunks/config.js:[2m27177:32[22m[39m
[90m [2m❯[22m TransformPluginContext.transform node_modules/vite/dist/node/chunks/config.js:[2m27145:4[22m[39m
[90m [2m❯[22m EnvironmentPluginContainer.transform node_modules/vite/dist/node/chunks/config.js:[2m28797:14[22m[39m
[90m [2m❯[22m loadAndTransform node_modules/vite/dist/node/chunks/config.js:[2m22670:26[22m[39m

[31m[2m⎯⎯⎯⎯⎯⎯⎯⎯⎯⎯⎯⎯⎯⎯⎯⎯⎯⎯⎯⎯⎯⎯⎯⎯[4/4]⎯[22m[39m


[2m Test Files [22m [1m[31m4 failed[39m[22m[90m (4)[39m
[2m      Tests [22m [2mno tests[22m
[2m   Start at [22m 00:35:08
[2m   Duration [22m 3.54s[2m (transform 0ms, setup 0ms, import 0ms, tests 0ms, environment 2.75s)[22m

